
> princes-garden@1.0.0 build
> opennextjs-cloudflare build


┌─────────────────────────────┐
│ OpenNext — Cloudflare build │
└─────────────────────────────┘

WARN OpenNext is not fully compatible with Windows.
WARN For optimal performance, it is recommended to use Windows Subsystem for Linux (WSL).
WARN While OpenNext may function on Windows, it could encounter unpredictable failures during runtime.
App directory: c:\Users\Administrator\Documents\GitHub\princesgardensofia
Next.js version : 15.5.25
@opennextjs/cloudflare version: 1.20.6
@opennextjs/aws version: 4.1.4
workerd compatibility_date: 2026-09-06

┌─────────────────────────────────┐
│ OpenNext — Building Next.js app │
└─────────────────────────────────┘

Using secrets defined in .dev.vars
   ▲ Next.js 15.5.25

   Creating an optimized production build ...
 ✓ Compiled successfully in 5.7s
   Skipping linting
   Checking validity of types ...
   Collecting page data ...
   Generating static pages (0/19) ...
   Generating static pages (4/19) 
   Generating static pages (9/19) 
   Generating static pages (14/19) 
 ✓ Generating static pages (19/19)
   Finalizing page optimization ...
   Collecting build traces ...

Route (app)                                 Size  First Load JS  Revalidate  Expire
┌ ○ /                                      163 B         120 kB
├ ○ /_not-found                            990 B         104 kB
├ ● /[locale]                            11.6 kB         131 kB         15m      1y
├   ├ /bg                                                               15m      1y
├   ├ /zh                                                               15m      1y
├   └ /en                                                               15m      1y
├ ● /[locale]/cookie-settings             1.4 kB         121 kB
├   ├ /bg/cookie-settings
├   ├ /zh/cookie-settings
├   └ /en/cookie-settings
├ ● /[locale]/privacy-policy               286 B         120 kB
├   ├ /bg/privacy-policy
├   ├ /zh/privacy-policy
├   └ /en/privacy-policy
├ ● /[locale]/terms-of-service             286 B         120 kB
├   ├ /bg/terms-of-service
├   ├ /zh/terms-of-service
├   └ /en/terms-of-service
├ ○ /manifest.webmanifest                  130 B         103 kB
├ ○ /robots.txt                            130 B         103 kB
└ ○ /sitemap.xml                           130 B         103 kB
+ First Load JS shared by all             103 kB
  ├ chunks/255-37e0f0325134c4d7.js       46.4 kB
  ├ chunks/4bd1b696-c023c6e3521b1417.js  54.2 kB
  └ other shared chunks (total)          1.99 kB


ƒ Middleware                              103 kB

○  (Static)  prerendered as static content
●  (SSG)     prerendered as static HTML (uses generateStaticParams)


┌──────────────────────────────┐
│ OpenNext — Generating bundle │
└──────────────────────────────┘

Bundling middleware function...
Bundling static assets...
Bundling cache assets...
Building server function: default...
